../BSP/Src/bsp_buzzer.c:72:21:bsp_buzzer_init	16	static
../BSP/Src/bsp_buzzer.c:103:21:bsp_buzzer_init_system	8	static
../BSP/Src/bsp_buzzer.c:109:21:bsp_buzzer_deinit	16	static
../BSP/Src/bsp_buzzer.c:130:21:bsp_buzzer_play_tone	24	static
../BSP/Src/bsp_buzzer.c:161:21:bsp_buzzer_stop	16	static
../BSP/Src/bsp_buzzer.c:179:21:bsp_buzzer_get_status	16	static
../BSP/Src/bsp_buzzer.c:190:6:bsp_buzzer_is_initialized	4	static
../BSP/Src/bsp_buzzer.c:195:18:bsp_buzzer_get_handle	4	static
../BSP/Src/bsp_buzzer.c:206:28:bsp_convert_driver_status	16	static
../BSP/Src/bsp_buzzer.c:227:13:bsp_buzzer_init_default_config	16	static
../BSP/Src/bsp_buzzer.c:240:28:bsp_buzzer_hw_init	120	static
../BSP/Src/bsp_buzzer.c:330:28:bsp_buzzer_hw_deinit	8	static
