../BSP/Src/bsp_ssd1306.c:59:22:bsp_ssd1306_init_system	24	static
../BSP/Src/bsp_ssd1306.c:85:22:bsp_ssd1306_hw_init	24	static
../BSP/Src/bsp_ssd1306.c:111:22:bsp_ssd1306_init_display	24	static
../BSP/Src/bsp_ssd1306.c:137:22:bsp_ssd1306_display_on	24	static
../BSP/Src/bsp_ssd1306.c:159:22:bsp_ssd1306_display_off	24	static
../BSP/Src/bsp_ssd1306.c:181:6:bsp_ssd1306_clear	8	static
../BSP/Src/bsp_ssd1306.c:186:22:bsp_ssd1306_display	24	static
../BSP/Src/bsp_ssd1306.c:208:10:bsp_ssd1306_write_string_default	16	static
../BSP/Src/bsp_ssd1306.c:218:10:bsp_ssd1306_write_string_at	32	static
../BSP/Src/bsp_ssd1306.c:228:9:bsp_ssd1306_get_version	16	static
../BSP/Src/bsp_ssd1306.c:239:29:bsp_ssd1306_gpio_config	64	static
../BSP/Src/bsp_ssd1306.c:281:29:bsp_ssd1306_i2c_config	24	static
../BSP/Src/bsp_ssd1306.c:331:22:bsp_ssd1306_init	24	static
../BSP/Src/bsp_ssd1306.c:365:22:bsp_ssd1306_clear_screen	16	static
../BSP/Src/bsp_ssd1306.c:376:22:bsp_ssd1306_write_string	32	static
../BSP/Src/bsp_ssd1306.c:391:22:bsp_ssd1306_update_screen	16	static
